// Jest Snapshot v1, https://goo.gl/fbAQLP

exports[`Should return html message 1`] = `
<div>
  <div>
    <pre
      class="errorContent"
    >
      <span
        style="color:#000"
      >
        black
        <span
          style="color:#AAA"
        >
          white
        </span>
      </span>
    </pre>
  </div>
</div>
`;
